[www.ahtowels.com/index.html]
[backblue.gif]
[fade.gif]
[index.html]
[connect.facebook.net/en_US/fbevents.js]
[www.ahtowels.com/assets/images/favicon.png]
[www.ahtowels.com/assets/rs-plugin/css/settings.css]
[www.ahtowels.com/assets/css/ionicons.min.css]
[www.ahtowels.com/assets/css/bootstrap.min.css]
[www.ahtowels.com/assets/css/font-awesome.min.css]
[www.ahtowels.com/assets/css/main.css]
[www.ahtowels.com/assets/css/style.css]
[www.ahtowels.com/assets/css/responsive.css]
[www.ahtowels.com/WebResourcef607.js]
[www.ahtowels.com/ScriptResource3bdb.js]
[www.ahtowels.com/ScriptResourceb514.js]
[www.ahtowels.com/ScriptResourcecbf5.js]
[www.ahtowels.com/login.html]
[www.ahtowels.com/signup.html]
[www.ahtowels.com/assets/images/logo.png]
[www.ahtowels.com/cart.html]
[www.ahtowels.com/assets/images/tp-call-no.png]
[www.ahtowels.com/assets/images/tp-free-shipping.png]
[www.ahtowels.com/assets/images/tp-fast-delivery.png]
[www.ahtowels.com/microfiber-towels.html]
[www.ahtowels.com/CategoryImages/Microfiber-Towels.jpg]
[www.ahtowels.com/all-purpose-towels.html]
[www.ahtowels.com/CategoryImages/All-Purpose-Towels.jpg]
[www.ahtowels.com/auto-detailing-towels.html]
[www.ahtowels.com/CategoryImages/-Auto-Detailing-Towels.jpg]
[www.ahtowels.com/polishing-finishing-towels.html]
[www.ahtowels.com/CategoryImages/Polishing-Towels.jpg]
[www.ahtowels.com/100-cotton-towels.html]
[www.ahtowels.com/CategoryImages/100-Cotton-Terry-Towels.jpg]
[www.ahtowels.com/salon-towels.html]
[www.ahtowels.com/CategoryImages/Salon-Towels.jpg]
[www.ahtowels.com/accessories-kits.html]
[www.ahtowels.com/CategoryImages/Accessories-and-Kits.jpg]
[www.ahtowels.com/health-sanitization.html]
[www.ahtowels.com/CategoryImages/Health-&-Sanitization.jpg]
[www.ahtowels.com/productlistcolor81d3.html]
[www.ahtowels.com/ColorImages/th_Assorted.jpg]
[www.ahtowels.com/productlistcoloradbf.html]
[www.ahtowels.com/ColorImages/th_baby-pink.jpg]
[www.ahtowels.com/productlistcolorb6ae.html]
[www.ahtowels.com/ColorImages/th_black.jpg]
[www.ahtowels.com/productlistcolorb0c7.html]
[www.ahtowels.com/ColorImages/th_blue.jpg]
[www.ahtowels.com/productlistcolorf368.html]
[www.ahtowels.com/ColorImages/th_Blue-Orange.jpg]
[www.ahtowels.com/productlistcolora8e0.html]
[www.ahtowels.com/ColorImages/th_dark-blue.jpg]
[www.ahtowels.com/productlistcolorb168.html]
[www.ahtowels.com/ColorImages/th_dark-green.jpg]
[www.ahtowels.com/productlistcolorf42a.html]
[www.ahtowels.com/ColorImages/th_golden.jpg]
[www.ahtowels.com/productlistcolorcd81.html]
[www.ahtowels.com/ColorImages/th_gray.jpg]
[www.ahtowels.com/productlistcolorac4a.html]
[www.ahtowels.com/ColorImages/th_green.jpg]
[www.ahtowels.com/productlistcolor563a.html]
[www.ahtowels.com/ColorImages/th_sea-green-gray.jpg]
[www.ahtowels.com/productlistcolor0c02.html]
[www.ahtowels.com/ColorImages/th_jade-green.jpg]
[www.ahtowels.com/productlistcolorfce0.html]
[www.ahtowels.com/ColorImages/th_light-blue.jpg]
[www.ahtowels.com/productlistcolor49a4.html]
[www.ahtowels.com/ColorImages/th_light-green.jpg]
[www.ahtowels.com/productlistcolor9bcd.html]
[www.ahtowels.com/ColorImages/th_light grey.png]
[www.ahtowels.com/productlistcolor9ae1.html]
[www.ahtowels.com/ColorImages/th_lime-green.jpg]
[www.ahtowels.com/productlistcolore91a.html]
[www.ahtowels.com/ColorImages/th_navy-blue.jpg]
[www.ahtowels.com/productlistcolor6d9c.html]
[www.ahtowels.com/ColorImages/th_orange.jpg]
[www.ahtowels.com/productlistcolor3686.html]
[www.ahtowels.com/ColorImages/th_purple.jpg]
[www.ahtowels.com/productlistcolorc572.html]
[www.ahtowels.com/ColorImages/th_red.jpg]
[www.ahtowels.com/productlistcolorb7af.html]
[www.ahtowels.com/ColorImages/th_royal blue.gif]
[www.ahtowels.com/productlistcolor5406.html]
[www.ahtowels.com/ColorImages/th_sea-green.jpg]
[www.ahtowels.com/productlistcolor3649.html]
[www.ahtowels.com/ColorImages/th_silver.jpg]
[www.ahtowels.com/productlistcolor4ced.html]
[www.ahtowels.com/ColorImages/th_wedgewood-blue.jpg]
[www.ahtowels.com/productlistcoloraff2.html]
[www.ahtowels.com/ColorImages/th_white.jpg]
[www.ahtowels.com/productlistcolor78e7.html]
[www.ahtowels.com/ColorImages/th_yellow.jpg]
[www.ahtowels.com/car-wash.html]
[www.ahtowels.com/janitorial-housekeeping.html]
[www.ahtowels.com/medical-vet.html]
[www.ahtowels.com/bar-restaurant.html]
[www.ahtowels.com/nail-salon.html]
[www.ahtowels.com/contactus.html]
[www.ahtowels.com/conditions-of-use.html]
[www.ahtowels.com/return-refund-policy.html]
[www.ahtowels.com/privacy-policy.html]
[www.ahtowels.com/categories.html]
[www.ahtowels.com/category/health-sanitization.html]
[www.ahtowels.com/SlideshowImages/th_7.jpg]
[www.ahtowels.com/products/face-mask-3ply.html]
[www.ahtowels.com/SlideshowImages/th_6.jpg]
[www.ahtowels.com/products/professional-grade-36-pack.html]
[www.ahtowels.com/SlideshowImages/th_4.jpg]
[www.ahtowels.com/SlideshowImages/th_5.jpg]
[www.ahtowels.com/products/express-wash-rags.html]
[www.ahtowels.com/SlideshowImages/th_5kr.jpg]
[www.ahtowels.com/products/16-16-bale-pack.html]
[www.ahtowels.com/SlideshowImages/th_6o1.jpg]
[www.ahtowels.com/products/all-purpose-towels.html]
[www.ahtowels.com/SlideshowImages/th_7an.jpg]
[www.ahtowels.com/clearance.html]
[www.ahtowels.com/HomeBanner/b-3.jpg]
[www.ahtowels.com/HomeBanner/b-3cq.jpg]
[www.ahtowels.com/trackorder.html]
[www.ahtowels.com/products/vending-microfiber-pack.html]
[www.ahtowels.com/productimages/th_MVP.jpg]
[www.ahtowels.com/products/50-pack-16-16-edgeless-microfiber-towel.html]
[www.ahtowels.com/productimages/th_AH-MF-ET.jpg]
[www.ahtowels.com/productimages/th_1616-PG-36.jpg]
[www.ahtowels.com/productimages/th_MFRAGS-300GY.jpg]
[www.ahtowels.com/products/plush-2-sided-15-24-microfiber-towels.html]
[www.ahtowels.com/productimages/th_AH-MF-CVT.jpg]
[www.ahtowels.com/products/pump-hand-sanitizer-16oz.html]
[www.ahtowels.com/productimages/th_HSTP16.jpg]
[www.ahtowels.com/products/economy-1212-towel.html]
[www.ahtowels.com/productimages/th_Eco1212.jpg]
[www.ahtowels.com/products/clean-n-fresh-2oz.html]
[www.ahtowels.com/productimages/th_HST2oz.jpg]
[www.ahtowels.com/assets/images/pop-banner.jpg]
[www.ahtowels.com/aboutus.html]
[www.ahtowels.com/Login-2.html]
[www.ahtowels.com/Login-3.html]
[www.ahtowels.com/assets/js/vendors/jquery/jquery.min.js]
[www.ahtowels.com/assets/js/vendors/wow.min.js]
[www.ahtowels.com/assets/js/vendors/bootstrap.min.js]
[www.ahtowels.com/assets/js/vendors/own-menu.js]
[www.ahtowels.com/assets/js/vendors/jquery.sticky.js]
[www.ahtowels.com/assets/js/vendors/owl.carousel.min.js]
[www.ahtowels.com/assets/rs-plugin/js/jquery.tp.t.min.js]
[www.ahtowels.com/assets/rs-plugin/js/jquery.tp.min.js]
[www.ahtowels.com/assets/js/main.js]
[www.ahtowels.com/index.html]
[connect.facebook.net/en_US/fbevents.js]
[www.ahtowels.com/assets/rs-plugin/images/gradient/g30.png]
[www.ahtowels.com/assets/rs-plugin/images/gradient/g40.png]
[www.ahtowels.com/assets/rs-plugin/assets/shadow1.png]
[www.ahtowels.com/assets/rs-plugin/assets/shadow2.png]
[www.ahtowels.com/assets/rs-plugin/assets/shadow3.png]
[www.ahtowels.com/assets/rs-plugin/assets/gridtile.png]
[www.ahtowels.com/assets/rs-plugin/assets/gridtile_white.png]
[www.ahtowels.com/assets/rs-plugin/assets/gridtile_3x3.png]
[www.ahtowels.com/assets/rs-plugin/assets/gridtile_3x3_white.png]
[www.ahtowels.com/assets/rs-plugin/assets/boxed_bgtile.png]
[www.ahtowels.com/assets/rs-plugin/assets/navigdots_bgtile.png]
[www.ahtowels.com/assets/rs-plugin/assets/bullet.png]
[www.ahtowels.com/assets/rs-plugin/assets/bullets.png]
[www.ahtowels.com/assets/rs-plugin/assets/bullets2.png]
[www.ahtowels.com/assets/rs-plugin/assets/bullet_boxed.png]
[www.ahtowels.com/assets/rs-plugin/assets/navigdots.png]
[www.ahtowels.com/assets/rs-plugin/assets/large_left.png]
[www.ahtowels.com/assets/rs-plugin/assets/large_right.png]
[www.ahtowels.com/assets/rs-plugin/assets/small_left.png]
[www.ahtowels.com/assets/rs-plugin/assets/small_right.png]
[www.ahtowels.com/assets/rs-plugin/assets/arrow_left.png]
[www.ahtowels.com/assets/rs-plugin/assets/arrow_right.png]
[www.ahtowels.com/assets/rs-plugin/assets/small_left_boxed.png]
[www.ahtowels.com/assets/rs-plugin/assets/small_right_boxed.png]
[www.ahtowels.com/assets/rs-plugin/assets/arrowleft.png]
[www.ahtowels.com/assets/rs-plugin/assets/arrowright.png]
[www.ahtowels.com/assets/rs-plugin/assets/arrow_left2.png]
[www.ahtowels.com/assets/rs-plugin/assets/arrow_right2.png]
[www.ahtowels.com/assets/rs-plugin/assets/coloredbg.png]
[www.ahtowels.com/assets/rs-plugin/assets/loader.gif]
[www.ahtowels.com/assets/rs-plugin/font/revicons90c690c6.eot]
[www.ahtowels.com/assets/rs-plugin/font/revicons90c690c6.woff]
[www.ahtowels.com/assets/rs-plugin/font/revicons90c690c6.ttf]
[www.ahtowels.com/assets/rs-plugin/css/settings.css]
[www.ahtowels.com/assets/fonts/ionicons28b528b5.eot]
[www.ahtowels.com/assets/fonts/ionicons28b528b5.ttf]
[www.ahtowels.com/assets/fonts/ionicons28b528b5.woff]
[www.ahtowels.com/assets/fonts/Simple-Line-Icons.eot]
[www.ahtowels.com/assets/fonts/Simple-Line-Iconsd41dd41d.eot]
[www.ahtowels.com/assets/fonts/Simple-Line-Icons.woff]
[www.ahtowels.com/assets/fonts/Simple-Line-Icons.ttf]
[www.ahtowels.com/assets/fonts/Linearicons-Free54e954e9.eot]
[www.ahtowels.com/assets/fonts/Linearicons-Freed41dd41d.eot]
[www.ahtowels.com/assets/fonts/Linearicons-Free54e954e9.woff2]
[www.ahtowels.com/assets/fonts/Linearicons-Free54e954e9.woff]
[www.ahtowels.com/assets/fonts/Linearicons-Free54e954e9.ttf]
[www.ahtowels.com/assets/fonts/et-line.eot]
[www.ahtowels.com/assets/fonts/et-lined41dd41d.eot]
[www.ahtowels.com/assets/fonts/et-line.woff]
[www.ahtowels.com/assets/fonts/et-line.ttf]
[www.ahtowels.com/assets/fonts/Flaticon.eot]
[www.ahtowels.com/assets/fonts/Flaticond41dd41d.eot]
[www.ahtowels.com/assets/fonts/Flaticon.woff]
[www.ahtowels.com/assets/fonts/Flaticon.ttf]
[www.ahtowels.com/assets/css/Flaticon.html]
[www.ahtowels.com/assets/css/ionicons.min.css]
[www.ahtowels.com/assets/fonts/glyphicons-halflings-regular.eot]
[www.ahtowels.com/assets/fonts/glyphicons-halflings-regulard41dd41d.eot]
[www.ahtowels.com/assets/fonts/glyphicons-halflings-regular.woff2]
[www.ahtowels.com/assets/fonts/glyphicons-halflings-regular.woff]
[www.ahtowels.com/assets/fonts/glyphicons-halflings-regular.ttf]
[www.ahtowels.com/assets/css/bootstrap.min.css]
[www.ahtowels.com/assets/fonts/fontawesome-webfont93e393e3.eot]
[www.ahtowels.com/assets/fonts/fontawesome-webfontd41dd41d.eot]
[www.ahtowels.com/assets/fonts/fontawesome-webfont93e393e3.woff2]
[www.ahtowels.com/assets/fonts/fontawesome-webfont93e393e3.woff]
[www.ahtowels.com/assets/fonts/fontawesome-webfont93e393e3.ttf]
[www.ahtowels.com/assets/css/font-awesome.min.css]
[www.ahtowels.com/assets/css/images/controls.html]
[www.ahtowels.com/assets/css/images/ui-bg_diagonals-thick_18_b81900_40x40.html]
[www.ahtowels.com/assets/css/images/ui-bg_diagonals-thick_20_666666_40x40.html]
[www.ahtowels.com/assets/css/images/ui-bg_flat_10_000000_40x100.html]
[www.ahtowels.com/assets/css/main.css]
[www.ahtowels.com/assets/css/animate.css]
[www.ahtowels.com/assets/images/main-header-bg.html]
[www.ahtowels.com/assets/images/bg-slide-2-1.html]
[www.ahtowels.com/assets/images/testi-bg.html]
[www.ahtowels.com/assets/images/testi-simple-head.html]
[www.ahtowels.com/assets/images/tick-list.html]
[www.ahtowels.com/assets/images/sale-bnr-large.jpg]
[www.ahtowels.com/assets/images/sav-bg.jpg]
[www.ahtowels.com/assets/images/left-arrow-prev.png]
[www.ahtowels.com/assets/images/left-d-arrow-prev.png]
[www.ahtowels.com/assets/images/right-arrow-next.png]
[www.ahtowels.com/assets/images/right-d-arrow-next.png]
[www.ahtowels.com/assets/images/order-confirm-img.png]
[www.ahtowels.com/controlpanel/images/icon_red.gif]
[www.ahtowels.com/controlpanel/images/icon_green.gif]
[www.ahtowels.com/assets/images/paypal.png]
[www.ahtowels.com/assets/css/style.css]
[www.ahtowels.com/assets/css/responsive.css]
[www.ahtowels.com/WebResourcef607.js]
[www.ahtowels.com/ScriptResource3bdb.js]
[www.ahtowels.com/ScriptResourceb514.js]
[www.ahtowels.com/ScriptResourcecbf5.js]
[www.ahtowels.com/Forgotpassword.html]
[www.ahtowels.com/login.html]
[www.google.com/recaptcha/api.js]
[www.ahtowels.com/signup.html]
[www.ahtowels.com/cart.html]
[www.ahtowels.com/WebResource7d47.css]
[www.ahtowels.com/WebResource4a59.css]
[www.ahtowels.com/WebResourcef29b.css]
[www.ahtowels.com/WebResource4b13.css]
[www.ahtowels.com/WebResourcec210.css]
[www.ahtowels.com/WebResource8fc2.css]
[www.ahtowels.com/WebResourcefa21.css]
[www.ahtowels.com/ScriptResourcead2c.axd]
[www.ahtowels.com/ScriptResource3fb0.axd]
[www.ahtowels.com/ScriptResource128d.axd]
[www.ahtowels.com/ScriptResource3707.axd]
[www.ahtowels.com/ScriptResource43e7.axd]
[www.ahtowels.com/ScriptResourceccfa.axd]
[www.ahtowels.com/ScriptResource2e63.axd]
[www.ahtowels.com/ScriptResource30f4.axd]
[www.ahtowels.com/ScriptResourcecd84.axd]
[www.ahtowels.com/ScriptResourcee2f5.axd]
[www.ahtowels.com/ScriptResourcefddd.axd]
[www.ahtowels.com/products/express-wash-rags-black.html]
[www.ahtowels.com/assets/images/new-product-tag.png]
[www.ahtowels.com/assets/images/Featured-product-tag.png]
[www.ahtowels.com/assets/images/clearance-product-tag.png]
[www.ahtowels.com/productimages/th_MFRAGS-300BK.jpg]
[www.ahtowels.com/products/express-wash-rags-black&code=black.html]
[www.ahtowels.com/productimages/th_ex1616-300bk-Blackblack_61.jpg]
[www.ahtowels.com/productimages/th_MFBP.jpg]
[www.ahtowels.com/products/16-16-bale-pack&code=black.html]
[www.ahtowels.com/productimages/th_MF1616-500BK-Blackblack-59.png]
[www.ahtowels.com/products/16-16-bale-pack&code=royal blue.html]
[www.ahtowels.com/productimages/th_MF1616-500RB-royalblueroyalblue-59.png]
[www.ahtowels.com/products/16-16-vending-w-dashboard.html]
[www.ahtowels.com/productimages/th_MVP-DW.jpg]
[www.ahtowels.com/products/16-16-vending-w-dashboard&code=light-blue.html]
[www.ahtowels.com/productimages/th_VendingKit-Blueblue-58.jpg]
[www.ahtowels.com/products/14-14-reusable-micro-wipes.html]
[www.ahtowels.com/productimages/th_AH-MF-RMFW.jpg]
[www.ahtowels.com/products/14-14-reusable-micro-wipes&code=blue.html]
[www.ahtowels.com/productimages/th_1414GG-B-Blueblue_57.jpg]
[www.ahtowels.com/products/14-14-reusable-micro-wipes&code=green.html]
[www.ahtowels.com/productimages/th_1414GG-G-Greengreen_57.jpg]
[www.ahtowels.com/products/14-14-reusable-micro-wipes&code=orange.html]
[www.ahtowels.com/productimages/th_1414GG-OG-Orangeorange_57.jpg]
[www.ahtowels.com/products/14-14-reusable-micro-wipes&code=red.html]
[www.ahtowels.com/productimages/th_1414GG-R-Redred-57.jpg]
[www.ahtowels.com/products/14-14-reusable-micro-wipes&code=yellow.html]
[www.ahtowels.com/productimages/th_1414GG-YL-Yellowyellow_57.jpg]
[www.ahtowels.com/products/15-24-coral-velvet-royal-blue.html]
[www.ahtowels.com/products/15-24-coral-velvet-royal-blue&code=royal blue.html]
[www.ahtowels.com/productimages/th_80000-9-royalblueroyalblue-55.jpg]
[www.ahtowels.com/products/18-18-pg-microfiber-towel.html]
[www.ahtowels.com/productimages/th_AH-MF-LG.jpg]
[www.ahtowels.com/products/18-18-pg-microfiber-towel&code=light-gree.html]
[www.ahtowels.com/productimages/th_1818MF-12G-LightGreenlight-gree-54.jpg]
[www.ahtowels.com/products/18-18-pg-microfiber-towel&code=yellow.html]
[www.ahtowels.com/productimages/th_1818MF-12Y-Yellowyellow-54.jpg]
[www.ahtowels.com/products/16-16-ultra-soft-plush-144-gray.html]
[www.ahtowels.com/productimages/th_AH-MF-PLCVT.jpg]
[www.ahtowels.com/products/16-16-ultra-soft-plush-144-gray&code=gray.html]
[www.ahtowels.com/productimages/th_1616Plush144-GY-Graygray-53.jpg]
[www.ahtowels.com/products/15-24-waffle-weave-microfiber-towel-black.html]
[www.ahtowels.com/productimages/th_AH-MF-WVHT.jpg]
[www.ahtowels.com/products/15-24-waffle-weave-microfiber-towel-black&code=black.html]
[www.ahtowels.com/productimages/th_WWMT-1524BK-Blackblack-52.jpg]
[www.ahtowels.com/products/waffle-weave-microfiber-16-16-towel-black.html]
[www.ahtowels.com/productimages/th_AH-MF-WVBLK.jpg]
[www.ahtowels.com/products/waffle-weave-microfiber-16-16-towel-black&code=black.html]
[www.ahtowels.com/productimages/th_WWMT-1616BK-Blackblack_51.jpg]
[www.ahtowels.com/products/economy-1212-towel&code=blue.html]
[www.ahtowels.com/productimages/th_ECO1212Blue-Blueblue-50.jpg]
[www.ahtowels.com/products/economy-1212-towel&code=jade-green.html]
[www.ahtowels.com/productimages/th_ECO1212Jade-jadegreenjade-green-50.jpg]
[www.ahtowels.com/products/economy-1212-towel&code=orange.html]
[www.ahtowels.com/productimages/th_ECO1212Orange-Orangeorange-50.jpg]
[www.ahtowels.com/products/economy-1212-towel&code=red.html]
[www.ahtowels.com/productimages/th_ECO1212RED-Redred-50.jpg]
[www.ahtowels.com/products/vending-microfiber-pack&code=blue.html]
[www.ahtowels.com/productimages/th_MFVBL-Blueblue-41.jpg]
[www.ahtowels.com/products/vending-microfiber-pack&code=green.html]
[www.ahtowels.com/productimages/th_MFVGRN-Greengreen-41.jpg]
[www.ahtowels.com/products/vending-microfiber-pack&code=orange.html]
[www.ahtowels.com/productimages/th_MFVOR-Orangeorange-41.jpg]
[www.ahtowels.com/products/vending-microfiber-pack&code=red.html]
[www.ahtowels.com/productimages/th_MFRED-Redred-41.jpg]
[www.ahtowels.com/products/vending-microfiber-pack&code=yellow.html]
[www.ahtowels.com/productimages/th_MFVYEL-Yellowyellow-41.jpg]
[www.ahtowels.com/products/professional-grade-36-pack&code=blue.html]
[www.ahtowels.com/productimages/th_1616-pg-36b-Blueblue-19.jpg]
[www.ahtowels.com/products/professional-grade-36-pack&code=golden.html]
[www.ahtowels.com/productimages/th_1616-PG-36GD-Goldengolden-19.jpg]
[www.ahtowels.com/products/professional-grade-36-pack&code=green.html]
[www.ahtowels.com/productimages/th_1616-PG-36BL-Greengreen_19.jpg]
[www.ahtowels.com/products/professional-grade-36-pack&code=orange.html]
[www.ahtowels.com/productimages/th_1616-PG-36OG-Orangeorange-19.jpg]
[www.ahtowels.com/products/express-wash-rags&code=golden.html]
[www.ahtowels.com/productimages/th_ex1616-300gy-Goldengolden-18.jpg]
[www.ahtowels.com/products/express-wash-rags&code=gray.html]
[www.ahtowels.com/productimages/th_ex1616-300gy-Graygray_18.jpg]
[www.ahtowels.com/products/express-wash-rags&code=royal blue.html]
[www.ahtowels.com/productimages/th_ex1616-300rb-royalblueroyalblue-18.jpg]
[www.ahtowels.com/products/microfiber-chenille-wash-mitts.html]
[www.ahtowels.com/productimages/th_AH-MF-WM.jpg]
[www.ahtowels.com/products/waffle-weave-microfiber-16-16-towel-with-black-trim.html]
[www.ahtowels.com/productimages/th_AH-MF-WWT.jpg]
[www.ahtowels.com/products/premium-pearl-weave-16-16-microfiber-towel-with-black-trim.html]
[www.ahtowels.com/productimages/th_AH-MF-PWT.jpg]
[www.ahtowels.com/products/miracle-microfiber-bar-mop-14-17.html]
[www.ahtowels.com/productimages/th_AH-MF-BMT.jpg]
[www.ahtowels.com/products/miracle-microfiber-bar-mop-14-17&code=blue.html]
[www.ahtowels.com/productimages/th_1-MFMFMIRACLEMOPBLUESTRIPE-Blueblue_13.jpg]
[www.ahtowels.com/products/miracle-microfiber-bar-mop-14-17&code=golden.html]
[www.ahtowels.com/productimages/th_1-MFMFMIRACLEMOPGOLDSTRIPE-Goldengolden_13.jpg]
[www.ahtowels.com/products/miracle-microfiber-bar-mop-14-17&code=green.html]
[www.ahtowels.com/productimages/th_1-MFMFMIRACLEMOPGREENSTRIPE-Greengreen_13.jpg]
[www.ahtowels.com/products/edgeless-16-27-microfiber-hand-towel.html]
[www.ahtowels.com/productimages/th_AH-MF-EHT.jpg]
[www.ahtowels.com/products/edgeless-16-27-microfiber-hand-towel&code=black.html]
[www.ahtowels.com/productimages/th_Blackblack_12.jpg]
[www.ahtowels.com/products/edgeless-16-27-microfiber-hand-towel&code=blue.html]
[www.ahtowels.com/productimages/th_Blueblue_12.jpg]
[www.ahtowels.com/products/edgeless-16-27-microfiber-hand-towel&code=green.html]
[www.ahtowels.com/productimages/th_Greengreen_12.jpg]
[www.ahtowels.com/products/edgeless-16-27-microfiber-hand-towel&code=navy-blue.html]
[www.ahtowels.com/productimages/th_NavyBluenavy-blue_12.jpg]
[www.ahtowels.com/products/edgeless-16-27-microfiber-hand-towel&code=red.html]
[www.ahtowels.com/productimages/th_Redred_12.jpg]
[www.ahtowels.com/products/50-pack-16-16-edgeless-microfiber-towel&code=black.html]
[www.ahtowels.com/productimages/th_1-MFHL1616-300BK-Blackblack_11.jpg]
[www.ahtowels.com/products/50-pack-16-16-edgeless-microfiber-towel&code=blue.html]
[www.ahtowels.com/productimages/th_1-MFHL1616-300B-Blueblue_11.jpg]
[www.ahtowels.com/products/50-pack-16-16-edgeless-microfiber-towel&code=navy-blue.html]
[www.ahtowels.com/productimages/th_1-MFHL1616-300NB-NavyBluenavy-blue_11.jpg]
[www.ahtowels.com/products/50-pack-16-16-edgeless-microfiber-towel&code=red.html]
[www.ahtowels.com/productimages/th_1-MFHL1616-300RD-Redred_11.jpg]
[www.ahtowels.com/products/diamond-weave-16-16-glass-microfiber-towel.html]
[www.ahtowels.com/productimages/th_AH-MF-DGT.jpg]
[www.ahtowels.com/products/diamond-weave-16-16-glass-microfiber-towel&code=black.html]
[www.ahtowels.com/productimages/th_1-MFGLASSTOWELSDVMT12002BLK-Blackblack-10.jpg]
[www.ahtowels.com/products/diamond-weave-16-16-glass-microfiber-towel&code=blue.html]
[www.ahtowels.com/productimages/th_DarkBluedark-blue_10.jpg]
[www.ahtowels.com/products/diamond-weave-16-16-glass-microfiber-towel&code=gray.html]
[www.ahtowels.com/productimages/th_Silversilver_10.jpg]
[www.ahtowels.com/products/2-sided-coral-velvet-14-14-microfiber-towel.html]
[www.ahtowels.com/productimages/th_AH-MF-TSCVT.jpg]
[www.ahtowels.com/products/2-sided-coral-velvet-14-14-microfiber-towel&code=green-gray.html]
[www.ahtowels.com/productimages/th_1-MF80000-7-GreenGraygreen-gray_8.jpg]
[www.ahtowels.com/products/16-27-microfiber-premium-hand-towel.html]
[www.ahtowels.com/productimages/th_AH-MF-HT.jpg]
[www.ahtowels.com/products/16-27-microfiber-premium-hand-towel&code=black.html]
[www.ahtowels.com/productimages/th_1-MF1627MF-12BK-Blackblack_7.jpg]
[www.ahtowels.com/products/16-27-microfiber-premium-hand-towel&code=lime-green.html]
[www.ahtowels.com/productimages/th_1-MF1627MF-12LG-LimeGreenlime-green_7.jpg]
[www.ahtowels.com/products/16-27-microfiber-premium-hand-towel&code=navy-blue.html]
[www.ahtowels.com/productimages/th_1-MF1627MF-12NB-NavyBluenavy-blue_7.jpg]
[www.ahtowels.com/products/16-27-microfiber-premium-hand-towel&code=red.html]
[www.ahtowels.com/productimages/th_1-MF1627MF-12R-Redred_7.jpg]
[www.ahtowels.com/products/24-pack-professional-grade-16-16-microfiber-towel.html]
[www.ahtowels.com/productimages/th_AH-MF-24.jpg]
[www.ahtowels.com/products/24-pack-professional-grade-16-16-microfiber-towel&code=black.html]
[www.ahtowels.com/productimages/th_1616MF-24BK-Blackblack_6.jpg]
[www.ahtowels.com/products/24-pack-professional-grade-16-16-microfiber-towel&code=golden.html]
[www.ahtowels.com/productimages/th_1-MF1616MF-24GD-Goldengolden_6.jpg]
[www.ahtowels.com/products/24-pack-professional-grade-16-16-microfiber-towel&code=gray.html]
[www.ahtowels.com/productimages/th_1-MF1616MF-24DGR-Graygray_6.jpg]
[www.ahtowels.com/products/24-pack-professional-grade-16-16-microfiber-towel&code=light-blue.html]
[www.ahtowels.com/productimages/th_1-MF1616MF-24B-LightBluelight-blue_6.jpg]
[www.ahtowels.com/products/24-pack-professional-grade-16-16-microfiber-towel&code=light-gree.html]
[www.ahtowels.com/productimages/th_1-MF1616MF-24G-LightGreenlight-gree_6.jpg]
[www.ahtowels.com/products/24-pack-professional-grade-16-16-microfiber-towel&code=light grey.html]
[www.ahtowels.com/productimages/th_1616MF-24LG-lightgreylightgrey-6.jpg]
[www.ahtowels.com/products/24-pack-professional-grade-16-16-microfiber-towel&code=navy-blue.html]
[www.ahtowels.com/productimages/th_1-MF1616MF-24NB-NavyBluenavy-blue_6.jpg]
[www.ahtowels.com/products/24-pack-professional-grade-16-16-microfiber-towel&code=orange.html]
[www.ahtowels.com/productimages/th_1-MF1616MF-24OG-Orangeorange_6.jpg]
[www.ahtowels.com/products/24-pack-professional-grade-16-16-microfiber-towel&code=red.html]
[www.ahtowels.com/productimages/th_1616MF-24R-Redred_6.jpg]
[www.ahtowels.com/products/24-pack-professional-grade-16-16-microfiber-towel&code=royal blue.html]
[www.ahtowels.com/productimages/th_1616MF-24RB-royalblueroyalblue_6.jpg]
[www.ahtowels.com/products/24-pack-professional-grade-16-16-microfiber-towel&code=yellow.html]
[www.ahtowels.com/productimages/th_1616MF-24Y-Yellowyellow_6.jpg]
[www.ahtowels.com/products/48-pack-warp-knitted-16-16-microfiber-towel.html]
[www.ahtowels.com/productimages/th_AH-MF-WK.png]
[www.ahtowels.com/products/48-pack-warp-knitted-16-16-microfiber-towel&code=baby-pink.html]
[www.ahtowels.com/productimages/th_1-MF1616kMF-48BP-BabyPinkbaby-pink_5.jpg]
[www.ahtowels.com/products/48-pack-warp-knitted-16-16-microfiber-towel&code=black.html]
[www.ahtowels.com/productimages/th_1-MF1616KMF-48BK-Blackblack_5.jpg]
[www.ahtowels.com/products/36-pack-economy16-16-microfiber-towel.html]
[www.ahtowels.com/productimages/th_AH-MF-ECO.jpg]
[www.ahtowels.com/products/36-pack-economy16-16-microfiber-towel&code=blue.html]
[www.ahtowels.com/productimages/th_Blueblue_4.jpg]
[www.ahtowels.com/products/36-pack-economy16-16-microfiber-towel&code=golden.html]
[www.ahtowels.com/productimages/th_Goldengolden_4.jpg]
[www.ahtowels.com/products/36-pack-economy16-16-microfiber-towel&code=gray.html]
[www.ahtowels.com/productimages/th_1-MF1616eMF-36GY-Graygray_4.jpg]
[www.ahtowels.com/products/36-pack-economy16-16-microfiber-towel&code=green.html]
[www.ahtowels.com/productimages/th_LightGreenlight-gree_4.jpg]
[www.ahtowels.com/products/36-pack-economy16-16-microfiber-towel&code=jade-green.html]
[www.ahtowels.com/productimages/th_SeaGreensea-green_4.jpg]
[www.ahtowels.com/products/36-pack-economy16-16-microfiber-towel&code=navy-blue.html]
[www.ahtowels.com/productimages/th_1616eMF-36NB-NavyBluenavy-blue_4.jpg]
[www.ahtowels.com/products/36-pack-economy16-16-microfiber-towel&code=orange.html]
[www.ahtowels.com/productimages/th_Orangeorange_4.jpg]
[www.ahtowels.com/products/36-pack-economy16-16-microfiber-towel&code=red.html]
[www.ahtowels.com/productimages/th_Redred_4.jpg]
[www.ahtowels.com/products/36-pack-economy16-16-microfiber-towel&code=wedgewood-.html]
[www.ahtowels.com/productimages/th_DarkBluedark-blue_4.jpg]
[www.ahtowels.com/products/36-pack-economy16-16-microfiber-towel&code=yellow.html]
[www.ahtowels.com/productimages/th_Yellowyellow_4.jpg]
[www.ahtowels.com/products/plush-2-sided-15-24-microfiber-towels&code=blue.html]
[www.ahtowels.com/productimages/th_Blueblue_3.jpg]
[www.ahtowels.com/products/plush-2-sided-15-24-microfiber-towels&code=gray.html]
[www.ahtowels.com/productimages/th_Graygray_3.jpg]
[www.ahtowels.com/products/microfiber-premium-14-26-hand-towel-border.html]
[www.ahtowels.com/productimages/th_AH-MF-BT.jpg]
[www.ahtowels.com/products/12-12-microfiber-cleaning-towel.html]
[www.ahtowels.com/productimages/th_AH-MF-12.jpg]
[www.ahtowels.com/products/12-12-microfiber-cleaning-towel&code=black.html]
[www.ahtowels.com/productimages/th_1-MF1212MF-12BK-Blackblack_1.jpg]
[www.ahtowels.com/products/12-12-microfiber-cleaning-towel&code=blue.html]
[www.ahtowels.com/productimages/th_1-MF1212MF-12B-Blueblue_1.jpg]
[www.ahtowels.com/products/12-12-microfiber-cleaning-towel&code=green.html]
[www.ahtowels.com/productimages/th_1-MF1212MF-12G-Greengreen_1.jpg]
[www.ahtowels.com/products/12-12-microfiber-cleaning-towel&code=white.html]
[www.ahtowels.com/productimages/th_1-MF1212MF-12W-Whitewhite_1.jpg]
[www.ahtowels.com/microfiber-towels.html]
[www.ahtowels.com/productimages/th_Cleaning-Wipes.jpg]
[www.ahtowels.com/products/barmop-32-bluestripe.html]
[www.ahtowels.com/productimages/th_B-BM1032BST-RR.jpg]
[www.ahtowels.com/products/barmop-32-bluestripe&code=blue.html]
[www.ahtowels.com/productimages/th_BBM1032BST-RR-Blueblue-35.jpg]
[www.ahtowels.com/products/barmop-30-greenstripe.html]
[www.ahtowels.com/productimages/th_B-BM1030GR.jpg]
[www.ahtowels.com/products/barmop-30-greenstripe&code=green.html]
[www.ahtowels.com/productimages/th_BBM1030GR-Greengreen-34.jpg]
[www.ahtowels.com/products/barmop-26-twinstripe.html]
[www.ahtowels.com/productimages/th_B-BM1026TWBL.jpg]
[www.ahtowels.com/products/barmop-26-twinstripe&code=blue.html]
[www.ahtowels.com/productimages/th_BBM1026TWBL-Blueblue-33.jpg]
[www.ahtowels.com/products/barmop-32-doublestripe.html]
[www.ahtowels.com/productimages/th_B-BM2032OB.jpg]
[www.ahtowels.com/products/barmop-32-doublestripe&code=Blue-Orang.html]
[www.ahtowels.com/productimages/th_BBM2032OB-Blueblue-32.jpg]
[www.ahtowels.com/products/dashboard-wipes-1000-ct.html]
[www.ahtowels.com/productimages/th_dash-board-wipe.jpg]
[www.ahtowels.com/products/dashboard-wipes-1000-ct&code=white.html]
[www.ahtowels.com/productimages/th_Dash-Board-Wipe-Whitewhite-20.jpg]
[www.ahtowels.com/all-purpose-towels.html]
[www.ahtowels.com/auto-detailing-towels.html]
[www.ahtowels.com/polishing-finishing-towels.html]
[www.ahtowels.com/products/shop-towel-cotton-100pc.html]
[www.ahtowels.com/productimages/th_SHTC12002.jpg]
[www.ahtowels.com/products/shop-towel-cotton-100pc&code=red.html]
[www.ahtowels.com/productimages/th_SHTC12002R-Redred-21.jpg]
[www.ahtowels.com/products/shop-towel-cotton-100pc&code=white.html]
[www.ahtowels.com/productimages/th_SHTC12002W-Whitewhite-21.jpg]
[www.ahtowels.com/products/1627-100-cotton-hand-towel.html]
[www.ahtowels.com/productimages/th_HTC-1627.jpg]
[www.ahtowels.com/products/1627-100-cotton-hand-towel&code=black.html]
[www.ahtowels.com/productimages/th_16x27HTCBLK-Blackblack-17.jpg]
[www.ahtowels.com/products/1627-100-cotton-hand-towel&code=gray.html]
[www.ahtowels.com/productimages/th_16x27-HTCGRY-Graygray-17.jpg]
[www.ahtowels.com/products/1627-100-cotton-hand-towel&code=green.html]
[www.ahtowels.com/productimages/th_16x27-HTC-Greengreen_17.jpg]
[www.ahtowels.com/products/1627-100-cotton-hand-towel&code=navy-blue.html]
[www.ahtowels.com/productimages/th_16x27-htcb-NavyBluenavy-blue_17.jpg]
[www.ahtowels.com/products/1627-100-cotton-hand-towel&code=red.html]
[www.ahtowels.com/productimages/th_16x27-HTCRD-Redred-17.jpg]
[www.ahtowels.com/products/1627-100-cotton-hand-towel&code=white.html]
[www.ahtowels.com/productimages/th_16x27-WHT-Whitewhite-17.jpg]
[www.ahtowels.com/100-cotton-towels.html]
[www.ahtowels.com/salon-towels.html]
[www.ahtowels.com/products/13-12-micro-paper-towel.html]
[www.ahtowels.com/productimages/th_AH-MF-DMWR.jpg]
[www.ahtowels.com/products/13-12-micro-paper-towel&code=white.html]
[www.ahtowels.com/productimages/th_PT-1213-W-Whitewhite-60.jpg]
[www.ahtowels.com/products/hand-sanitizer-pump-8oz.html]
[www.ahtowels.com/productimages/th_HSTP8.jpg]
[www.ahtowels.com/products/clean-n-fresh-16oz.html]
[www.ahtowels.com/productimages/th_HST16oz.jpg]
[www.ahtowels.com/products/clean-n-fresh-8oz.html]
[www.ahtowels.com/productimages/th_HST8oz.jpg]
[www.ahtowels.com/products/kn95-mask-20.html]
[www.ahtowels.com/productimages/th_KN95-20.jpg]
[www.ahtowels.com/products/clere-sanitizer-gallon.html]
[www.ahtowels.com/productimages/th_Clere-HSG.jpg]
[www.ahtowels.com/products/hand-santizer-gallon.html]
[www.ahtowels.com/productimages/th_AH-SAN1G.jpg]
[www.ahtowels.com/productimages/th_AHN13.jpg]
[www.ahtowels.com/products/work-gloves-large.html]
[www.ahtowels.com/productimages/th_CLP-L.jpg]
[www.ahtowels.com/products/work-gloves-large&code=black.html]
[www.ahtowels.com/productimages/th_CLP-BK3-L8-Blackblack-31.jpg]
[www.ahtowels.com/products/work-gloves-large&code=dark-blue.html]
[www.ahtowels.com/productimages/th_CLP-BL3-L8-DarkBluedark-blue-31.jpg]
[www.ahtowels.com/products/work-gloves-large&code=green.html]
[www.ahtowels.com/productimages/th_CLP-GN3-L8-Greengreen-31.jpg]
[www.ahtowels.com/products/work-gloves-large&code=red.html]
[www.ahtowels.com/productimages/th_CLP-RD3-L8-Redred-31.jpg]
[www.ahtowels.com/products/work-gloves-medium.html]
[www.ahtowels.com/productimages/th_CLP-M.jpg]
[www.ahtowels.com/products/work-gloves-medium&code=black.html]
[www.ahtowels.com/productimages/th_CLP-BK2-M8-Blackblack-30.jpg]
[www.ahtowels.com/products/work-gloves-medium&code=dark-blue.html]
[www.ahtowels.com/productimages/th_CLP-BL2-M8-DarkBluedark-blue-30.jpg]
[www.ahtowels.com/products/work-gloves-medium&code=green.html]
[www.ahtowels.com/productimages/th_CLP-GN3-L8-Greengreen-30.jpg]
[www.ahtowels.com/products/work-gloves-medium&code=red.html]
[www.ahtowels.com/productimages/th_CLP-RD2--M8-Redred-30.jpg]
[www.ahtowels.com/products/work-gloves-small.html]
[www.ahtowels.com/productimages/th_CLP.jpg]
[www.ahtowels.com/products/work-gloves-small&code=black.html]
[www.ahtowels.com/productimages/th_CLP-BK1-S8-Blackblack-29.jpg]
[www.ahtowels.com/products/work-gloves-small&code=dark-blue.html]
[www.ahtowels.com/productimages/th_CLP-BL1-S8-DarkBluedark-blue_29.jpg]
[www.ahtowels.com/products/work-gloves-small&code=green.html]
[www.ahtowels.com/productimages/th_CLP-GN1-S8-Greengreen-29.jpg]
[www.ahtowels.com/products/work-gloves-small&code=red.html]
[www.ahtowels.com/productimages/th_CLP-RD1--S8-Redred-29.jpg]
[www.ahtowels.com/products/white-apron-blended.html]
[www.ahtowels.com/productimages/th_AP400W.jpg]
[www.ahtowels.com/products/white-apron-blended&code=white.html]
[www.ahtowels.com/productimages/th_AP400W-Whitewhite-28.jpg]
[www.ahtowels.com/products/plastic-bottle-16oz.html]
[www.ahtowels.com/productimages/th_SPRYB-16oz.jpg]
[www.ahtowels.com/products/plastic-bottle-16oz&code=white.html]
[www.ahtowels.com/productimages/th_plastic-bottle-16oz-Whitewhite-27.jpg]
[www.ahtowels.com/accessories-kits.html]
[www.ahtowels.com/health-sanitization.html]
[www.ahtowels.com/products/all-purpose-towels&code=Assorted.html]
[www.ahtowels.com/productimages/th_CleaningWipes-AssortedAssorted-62.jpg]
[www.ahtowels.com/productlistcolor81d3.html]
[www.ahtowels.com/productlistcoloradbf.html]
[www.ahtowels.com/products/microfiber-premium-14-26-hand-towel-border&code=black.html]
[www.ahtowels.com/productimages/th_1-MF1426MF-Boarded-BK-Blackblack_2.jpg]
[www.ahtowels.com/productlistcolorb6ae.html]
[www.ahtowels.com/products/waffle-weave-microfiber-16-16-towel-with-black-trim&code=blue.html]
[www.ahtowels.com/productimages/th_1-MFWAFFLEWEAVEMFTOWELSWVMT1616-BBKT-Blueblue_15.jpg]
[www.ahtowels.com/products/microfiber-premium-14-26-hand-towel-border&code=blue.html]
[www.ahtowels.com/productimages/th_1-MF1426MF-Boarded-B-Blueblue_2.jpg]
[www.ahtowels.com/products/microfiber-chenille-wash-mitts&code=blue.html]
[www.ahtowels.com/productimages/th_Blueblue-16.jpg]
[www.ahtowels.com/products/premium-pearl-weave-16-16-microfiber-towel-with-black-trim&code=blue.html]
[www.ahtowels.com/productimages/th_1-MFPWMT1616-BBKT-Blueblue_14.jpg]
[www.ahtowels.com/products/face-mask-3ply&code=blue.html]
[www.ahtowels.com/productimages/th_N13-Blueblue-36.jpg]
[www.ahtowels.com/productlistcolorb0c7.html]
[www.ahtowels.com/productlistcolorf368.html]
[www.ahtowels.com/productlistcolora8e0.html]
[www.ahtowels.com/productlistcolorb168.html]
[www.ahtowels.com/productlistcolorf42a.html]
[www.ahtowels.com/productlistcolorcd81.html]
[www.ahtowels.com/products/microfiber-chenille-wash-mitts&code=green.html]
[www.ahtowels.com/productimages/th_Greengreen-16.jpg]
[www.ahtowels.com/products/premium-pearl-weave-16-16-microfiber-towel-with-black-trim&code=green.html]
[www.ahtowels.com/productimages/th_DarkGreendark-green-14.jpg]
[www.ahtowels.com/products/hand-santizer-gallon&code=green.html]
[www.ahtowels.com/productimages/th_HANDSANTIZER1-G-Greengreen-37.jpg]
[www.ahtowels.com/products/waffle-weave-microfiber-16-16-towel-with-black-trim&code=green.html]
[www.ahtowels.com/productimages/th_1-MFWAFFLEWEAVEMFTOWELSWVMT1616-GBKT-Greengreen_15.jpg]
[www.ahtowels.com/productlistcolorac4a.html]
[www.ahtowels.com/productlistcolor563a.html]
[www.ahtowels.com/productlistcolor0c02.html]
[www.ahtowels.com/productlistcolorfce0.html]
[www.ahtowels.com/productlistcolor49a4.html]
[www.ahtowels.com/productlistcolor9bcd.html]
[www.ahtowels.com/productlistcolor9ae1.html]
[www.ahtowels.com/productlistcolore91a.html]
[www.ahtowels.com/products/microfiber-chenille-wash-mitts&code=orange.html]
[www.ahtowels.com/productimages/th_Orangeorange-16.jpg]
[www.ahtowels.com/productlistcolor6d9c.html]
[www.ahtowels.com/productlistcolor3686.html]
[www.ahtowels.com/productlistcolorc572.html]
[www.ahtowels.com/productlistcolorb7af.html]
[www.ahtowels.com/productlistcolor5406.html]
[www.ahtowels.com/productlistcolor3649.html]
[www.ahtowels.com/productlistcolor4ced.html]
[www.ahtowels.com/products/clere-sanitizer-gallon&code=white.html]
[www.ahtowels.com/productimages/th_clere-hsg-Whitewhite-38.jpg]
[www.ahtowels.com/products/kn95-mask-20&code=white.html]
[www.ahtowels.com/productimages/th_kn-95-Whitewhite-39.jpg]
[www.ahtowels.com/products/clean-n-fresh-2oz&code=white.html]
[www.ahtowels.com/productimages/th_CnFHS20z-Whitewhite-42.jpg]
[www.ahtowels.com/products/clean-n-fresh-8oz&code=white.html]
[www.ahtowels.com/productimages/th_CNF-Whitewhite-43.jpg]
[www.ahtowels.com/products/clean-n-fresh-16oz&code=white.html]
[www.ahtowels.com/productimages/th_CNFHST16oz-Whitewhite-44.jpg]
[www.ahtowels.com/products/pump-hand-sanitizer-16oz&code=white.html]
[www.ahtowels.com/productimages/th_HSTP-16.9-Whitewhite-48.jpg]
[www.ahtowels.com/products/hand-sanitizer-pump-8oz&code=white.html]
[www.ahtowels.com/productimages/th_HSTP-8OZ-Whitewhite_49.jpg]
[www.ahtowels.com/productlistcoloraff2.html]
[www.ahtowels.com/productlistcolor78e7.html]
[www.ahtowels.com/car-wash.html]
[www.ahtowels.com/janitorial-housekeeping.html]
[www.ahtowels.com/medical-vet.html]
[www.ahtowels.com/bar-restaurant.html]
[www.ahtowels.com/nail-salon.html]
[www.ahtowels.com/contactus.html]
[www.ahtowels.com/conditions-of-use.html]
[www.ahtowels.com/return-refund-policy.html]
[www.ahtowels.com/privacy-policy.html]
[www.ahtowels.com/categories.html]
[www.ahtowels.com/category/health-sanitization.html]
[www.ahtowels.com/assets/css/magiczoomplus.css]
[www.ahtowels.com/assets/js/magiczoomplus.js]
[www.ahtowels.com/WebResource7b05.css]
[www.ahtowels.com/WebResource706f.css]
[www.ahtowels.com/ScriptResourceec48.axd]
[www.ahtowels.com/ScriptResource23ec.axd]
[www.ahtowels.com/ProductImages/main_AHN13.jpg]
[www.ahtowels.com/assets/images/product-watermark.png]
[www.ahtowels.com/ProductImages/main_N13-Blueblue-36.jpg]
[www.ahtowels.com/assets/images/description-banner.png]
[www.ahtowels.com/products/face-mask-3ply.html]
[www.ahtowels.com/ProductImages/main_1616-PG-36.jpg]
[www.ahtowels.com/ExtraImages/main_16119.jpg]
[www.ahtowels.com/ExtraImages/th_16119.jpg]
[www.ahtowels.com/ExtraImages/main_329119.jpg]
[www.ahtowels.com/ExtraImages/th_329119.jpg]
[www.ahtowels.com/ExtraImages/main_814119.jpg]
[www.ahtowels.com/ExtraImages/th_814119.jpg]
[www.ahtowels.com/ExtraImages/main_262419.jpg]
[www.ahtowels.com/ExtraImages/th_262419.jpg]
[www.ahtowels.com/ProductImages/main_1616-PG-36BL-Greengreen_19.jpg]
[www.ahtowels.com/ProductImages/main_1616-PG-36GD-Goldengolden-19.jpg]
[www.ahtowels.com/ProductImages/main_1616-PG-36OG-Orangeorange-19.jpg]
[www.ahtowels.com/ProductImages/main_1616-pg-36b-Blueblue-19.jpg]
[www.ahtowels.com/products/professional-grade-36-pack.html]
[www.ahtowels.com/ProductImages/main_MFRAGS-300GY.jpg]
[www.ahtowels.com/ExtraImages/main_522918.jpg]
[www.ahtowels.com/ExtraImages/th_522918.jpg]
[www.ahtowels.com/ProductImages/main_ex1616-300gy-Graygray_18.jpg]
[www.ahtowels.com/ProductImages/main_ex1616-300gy-Goldengolden-18.jpg]
[www.ahtowels.com/ProductImages/main_ex1616-300rb-royalblueroyalblue-18.jpg]
[www.ahtowels.com/products/express-wash-rags.html]
[www.ahtowels.com/ProductImages/main_MFBP.jpg]
[www.ahtowels.com/ExtraImages/main_403759.png]
[www.ahtowels.com/ExtraImages/th_403759.png]
[www.ahtowels.com/ExtraImages/main_348659.png]
[www.ahtowels.com/ExtraImages/th_348659.png]
[www.ahtowels.com/ProductImages/main_MF1616-500BK-Blackblack-59.png]
[www.ahtowels.com/ProductImages/main_MF1616-500RB-royalblueroyalblue-59.png]
[www.ahtowels.com/products/16-16-bale-pack.html]
[www.ahtowels.com/ProductImages/main_Cleaning-Wipes.jpg]
[www.ahtowels.com/ProductImages/main_CleaningWipes-AssortedAssorted-62.jpg]
[www.ahtowels.com/products/all-purpose-towels.html]
[www.ahtowels.com/clearance.html]
[www.ahtowels.com/trackorder.html]
[www.ahtowels.com/ProductImages/main_MVP.jpg]
[www.ahtowels.com/ProductImages/main_MFVBL-Blueblue-41.jpg]
[www.ahtowels.com/ProductImages/main_MFRED-Redred-41.jpg]
[www.ahtowels.com/ProductImages/main_MFVGRN-Greengreen-41.jpg]
[www.ahtowels.com/ProductImages/main_MFVOR-Orangeorange-41.jpg]
[www.ahtowels.com/ProductImages/main_MFVYEL-Yellowyellow-41.jpg]
[www.ahtowels.com/products/vending-microfiber-pack.html]
[www.ahtowels.com/ProductImages/main_AH-MF-ET.jpg]
[www.ahtowels.com/ExtraImages/main_910111.jpg]
[www.ahtowels.com/ExtraImages/th_910111.jpg]
[www.ahtowels.com/ExtraImages/main_96911.jpg]
[www.ahtowels.com/ExtraImages/th_96911.jpg]
[www.ahtowels.com/ExtraImages/main_896111.jpg]
[www.ahtowels.com/ExtraImages/th_896111.jpg]
[www.ahtowels.com/ProductImages/main_1-MFHL1616-300BK-Blackblack_11.jpg]
[www.ahtowels.com/ProductImages/main_1-MFHL1616-300RD-Redred_11.jpg]
[www.ahtowels.com/ProductImages/main_1-MFHL1616-300NB-NavyBluenavy-blue_11.jpg]
[www.ahtowels.com/ProductImages/main_1-MFHL1616-300B-Blueblue_11.jpg]
[www.ahtowels.com/products/50-pack-16-16-edgeless-microfiber-towel.html]
[www.ahtowels.com/ProductImages/main_AH-MF-CVT.jpg]
[www.ahtowels.com/ProductImages/main_Graygray_3.jpg]
[www.ahtowels.com/ProductImages/main_Blueblue_3.jpg]
[www.ahtowels.com/products/plush-2-sided-15-24-microfiber-towels.html]
[www.ahtowels.com/ProductImages/main_HSTP16.jpg]
[www.ahtowels.com/ProductImages/main_HSTP-16.9-Whitewhite-48.jpg]
[www.ahtowels.com/products/pump-hand-sanitizer-16oz.html]
[www.ahtowels.com/ProductImages/main_Eco1212.jpg]
[www.ahtowels.com/ProductImages/main_ECO1212Blue-Blueblue-50.jpg]
[www.ahtowels.com/ProductImages/main_ECO1212Jade-jadegreenjade-green-50.jpg]
[www.ahtowels.com/ProductImages/main_ECO1212Orange-Orangeorange-50.jpg]
[www.ahtowels.com/ProductImages/main_ECO1212RED-Redred-50.jpg]
[www.ahtowels.com/products/economy-1212-towel.html]
[www.ahtowels.com/ProductImages/main_HST2oz.jpg]
[www.ahtowels.com/ExtraImages/main_90542.jpg]
[www.ahtowels.com/ExtraImages/th_90542.jpg]
[www.ahtowels.com/ProductImages/main_CnFHS20z-Whitewhite-42.jpg]
[www.ahtowels.com/products/clean-n-fresh-2oz.html]
[www.ahtowels.com/aboutus.html]
[www.ahtowels.com/Login-2.html]
[www.ahtowels.com/Login-3.html]
[www.ahtowels.com/c.html]
[www.ahtowels.com/b.html]
[www.ahtowels.com/POST.html]
[www.ahtowels.com/assets/rs-plugin/font/revicons90c690c6.svg]
[www.ahtowels.com/assets/fonts/ionicons28b528b5.svg]
[www.ahtowels.com/assets/fonts/Simple-Line-Icons.svg]
[www.ahtowels.com/assets/fonts/Linearicons-Free54e954e9.svg]
[www.ahtowels.com/assets/fonts/et-line.svg]
[www.ahtowels.com/assets/fonts/Flaticon.svg]
[www.ahtowels.com/assets/css/Flaticon.html]
[www.ahtowels.com/assets/fonts/glyphicons-halflings-regular.svg]
[www.ahtowels.com/assets/fonts/fontawesome-webfont93e393e3.svg]
[www.ahtowels.com/assets/css/images/controls.html]
[www.ahtowels.com/assets/css/images/ui-bg_diagonals-thick_18_b81900_40x40.html]
[www.ahtowels.com/assets/css/images/ui-bg_diagonals-thick_20_666666_40x40.html]
[www.ahtowels.com/assets/css/images/ui-bg_flat_10_000000_40x100.html]
[www.ahtowels.com/assets/images/bnr-feature-2.html]
[www.ahtowels.com/assets/images/bnr-feature-3.html]
[www.ahtowels.com/assets/css/animate.css]
[www.ahtowels.com/assets/images/main-header-bg.html]
[www.ahtowels.com/assets/images/bnr-pattern.html]
[www.ahtowels.com/assets/images/main-bg-slider-wide.html]
[www.ahtowels.com/assets/images/bnr-pattern-1.html]
[www.ahtowels.com/assets/images/bg-slide-2-1.html]
[www.ahtowels.com/assets/images/slider-bnr.html]
[www.ahtowels.com/assets/images/watch-bg-2.html]
[www.ahtowels.com/assets/images/bnr-feature.html]
[www.ahtowels.com/assets/images/bnr-feature-1.html]
[www.ahtowels.com/assets/images/week-sale-bg.html]
[www.ahtowels.com/assets/images/watch-bg.html]
[www.ahtowels.com/assets/images/about-adds.html]
[www.ahtowels.com/assets/images/faqs-bg.html]
[www.ahtowels.com/assets/images/testi-bg.html]
[www.ahtowels.com/assets/images/testi-simple-head.html]
[www.ahtowels.com/assets/images/hr-bar-team.html]
[www.ahtowels.com/assets/images/env-icon.html]
[www.ahtowels.com/assets/images/tick-list.html]
[www.ahtowels.com/assets/images/b-bnr-bg.html]
[www.ahtowels.com/assets/images/free-skill-bg.html]
[www.ahtowels.com/assets/images/bnt-btn-img.html]
[www.ahtowels.com/assets/images/dream-add-bnr.html]
[www.ahtowels.com/assets/images/hot-deal-bnr.html]
[www.ahtowels.com/assets/images/main-bg-slider.html]
[www.ahtowels.com/assets/images/bnr-feature-4.html]
[www.ahtowels.com/assets/images/week-sale-bg-2.html]
[www.ahtowels.com/assets/images/week-sale-bg-1-3.html]
[www.ahtowels.com/assets/images/wit-slide-add-1.html]
[www.ahtowels.com/assets/images/wit-slide-add-2.html]
[www.ahtowels.com/assets/images/wit-slide-add-3.html]
[www.ahtowels.com/assets/images/wit-slide-add-4.html]
[www.ahtowels.com/assets/images/watch-bg-2-1.html]
[www.ahtowels.com/assets/images/week-sale-bg-3.html]
[www.ahtowels.com/assets/images/week-sale-bg-green.html]
[www.ahtowels.com/assets/images/full-bg.html]
[www.ahtowels.com/assets/css/controlpanel/images/icon_red.html]
[www.ahtowels.com/Firefox/index.html]
[www.ahtowels.com/AppleWebKit/index.html]
[www.ahtowels.com/Opera/index.html]
[www.ahtowels.com/MicrosoftAjaxWebForms.html]
[www.ahtowels.com/MicrosoftAjaxSerialization.html]
[www.ahtowels.com/MicrosoftAjaxNetwork.html]
[www.ahtowels.com/Forgotpassword.html]
[www.ahtowels.com/WebResource7d47.css]
[www.ahtowels.com/WebResource1ffc.gif]
[www.ahtowels.com/WebResourcea26f.png]
[www.ahtowels.com/WebResourcee020.png]
[www.ahtowels.com/WebResource8870.gif]
[www.ahtowels.com/WebResource4a59.css]
[www.ahtowels.com/WebResourcef29b.css]
[www.ahtowels.com/WebResource174d.gif]
[www.ahtowels.com/WebResourcea035.gif]
[www.ahtowels.com/WebResource9c2f.gif]
[www.ahtowels.com/WebResourced627.gif]
[www.ahtowels.com/WebResource97da.gif]
[www.ahtowels.com/WebResource2f3a.gif]
[www.ahtowels.com/WebResource52de.gif]
[www.ahtowels.com/WebResourceab36.gif]
[www.ahtowels.com/WebResource1796.gif]
[www.ahtowels.com/WebResourcea4d9.gif]
[www.ahtowels.com/WebResourcedc1f.gif]
[www.ahtowels.com/WebResource1924.gif]
[www.ahtowels.com/WebResource7c6e.gif]
[www.ahtowels.com/WebResource36fe.gif]
[www.ahtowels.com/WebResource33bb.gif]
[www.ahtowels.com/WebResourcecaba.gif]
[www.ahtowels.com/WebResource40f0.gif]
[www.ahtowels.com/WebResourcedd41.gif]
[www.ahtowels.com/WebResource8ad9.gif]
[www.ahtowels.com/WebResource93f9.gif]
[www.ahtowels.com/WebResource4b13.css]
[www.ahtowels.com/WebResourcec210.css]
[www.ahtowels.com/WebResource50fe.axd]
[www.ahtowels.com/WebResource8fc2.css]
[www.ahtowels.com/WebResource070d.gif]
[www.ahtowels.com/WebResourcef599.gif]
[www.ahtowels.com/WebResource159c.gif]
[www.ahtowels.com/WebResourcefa21.css]
[www.ahtowels.com/ProductImages/main_MFRAGS-300BK.jpg]
[www.ahtowels.com/ExtraImages/main_309061.png]
[www.ahtowels.com/ExtraImages/th_309061.png]
[www.ahtowels.com/ProductImages/main_ex1616-300bk-Blackblack_61.jpg]
[www.ahtowels.com/products/express-wash-rags-black.html]
[www.ahtowels.com/products/express-wash-rags-black&code=black.html]
[www.ahtowels.com/products/16-16-bale-pack&code=black.html]
[www.ahtowels.com/products/16-16-bale-pack&code=royal blue.html]
[www.ahtowels.com/ProductImages/main_MVP-DW.jpg]
[www.ahtowels.com/ProductImages/main_VendingKit-Blueblue-58.jpg]
[www.ahtowels.com/products/16-16-vending-w-dashboard.html]
[www.ahtowels.com/products/16-16-vending-w-dashboard&code=light-blue.html]
[www.ahtowels.com/ProductImages/main_AH-MF-RMFW.jpg]
[www.ahtowels.com/ProductImages/main_1414GG-OG-Orangeorange_57.jpg]
[www.ahtowels.com/ProductImages/main_1414GG-YL-Yellowyellow_57.jpg]
[www.ahtowels.com/ProductImages/main_1414GG-B-Blueblue_57.jpg]
[www.ahtowels.com/ProductImages/main_1414GG-R-Redred-57.jpg]
[www.ahtowels.com/ProductImages/main_1414GG-G-Greengreen_57.jpg]
[www.ahtowels.com/products/14-14-reusable-micro-wipes.html]
[www.ahtowels.com/products/14-14-reusable-micro-wipes&code=blue.html]
[www.ahtowels.com/products/14-14-reusable-micro-wipes&code=green.html]
[www.ahtowels.com/products/14-14-reusable-micro-wipes&code=orange.html]
[www.ahtowels.com/products/14-14-reusable-micro-wipes&code=red.html]
[www.ahtowels.com/products/14-14-reusable-micro-wipes&code=yellow.html]
[www.ahtowels.com/ProductImages/main_80000-9-royalblueroyalblue-55.jpg]
[www.ahtowels.com/products/15-24-coral-velvet-royal-blue.html]
[www.ahtowels.com/productimages/th_AH-MF-XLCVT.html]
[www.ahtowels.com/products/15-24-coral-velvet-royal-blue&code=royal blue.html]
[www.ahtowels.com/ProductImages/main_AH-MF-LG.jpg]
[www.ahtowels.com/ProductImages/main_1818MF-12Y-Yellowyellow-54.jpg]
[www.ahtowels.com/ProductImages/main_1818MF-12G-LightGreenlight-gree-54.jpg]
[www.ahtowels.com/products/18-18-pg-microfiber-towel.html]
[www.ahtowels.com/products/18-18-pg-microfiber-towel&code=light-gree.html]
[www.ahtowels.com/products/18-18-pg-microfiber-towel&code=yellow.html]
[www.ahtowels.com/ProductImages/main_AH-MF-PLCVT.jpg]
[www.ahtowels.com/ProductImages/main_1616Plush144-GY-Graygray-53.jpg]
[www.ahtowels.com/products/16-16-ultra-soft-plush-144-gray.html]
[www.ahtowels.com/products/16-16-ultra-soft-plush-144-gray&code=gray.html]
[www.ahtowels.com/ProductImages/main_AH-MF-WVHT.jpg]
[www.ahtowels.com/ExtraImages/main_258352.jpg]
[www.ahtowels.com/ExtraImages/th_258352.jpg]
[www.ahtowels.com/ProductImages/main_WWMT-1524BK-Blackblack-52.jpg]
[www.ahtowels.com/products/15-24-waffle-weave-microfiber-towel-black.html]
[www.ahtowels.com/products/15-24-waffle-weave-microfiber-towel-black&code=black.html]
[www.ahtowels.com/ProductImages/main_AH-MF-WVBLK.jpg]
[www.ahtowels.com/ProductImages/main_WWMT-1616BK-Blackblack_51.jpg]
[www.ahtowels.com/products/waffle-weave-microfiber-16-16-towel-black.html]
[www.ahtowels.com/products/waffle-weave-microfiber-16-16-towel-black&code=black.html]
[www.ahtowels.com/products/economy-1212-towel&code=blue.html]
[www.ahtowels.com/products/economy-1212-towel&code=jade-green.html]
[www.ahtowels.com/products/economy-1212-towel&code=orange.html]
[www.ahtowels.com/products/economy-1212-towel&code=red.html]
[www.ahtowels.com/products/vending-microfiber-pack&code=blue.html]
[www.ahtowels.com/products/vending-microfiber-pack&code=green.html]
[www.ahtowels.com/products/vending-microfiber-pack&code=orange.html]
[www.ahtowels.com/products/vending-microfiber-pack&code=red.html]
[www.ahtowels.com/products/vending-microfiber-pack&code=yellow.html]
[www.ahtowels.com/products/professional-grade-36-pack&code=blue.html]
[www.ahtowels.com/products/professional-grade-36-pack&code=golden.html]
[www.ahtowels.com/products/professional-grade-36-pack&code=green.html]
[www.ahtowels.com/products/professional-grade-36-pack&code=orange.html]
[www.ahtowels.com/products/express-wash-rags&code=golden.html]
[www.ahtowels.com/products/express-wash-rags&code=gray.html]
[www.ahtowels.com/products/express-wash-rags&code=royal blue.html]
[www.ahtowels.com/ProductImages/main_AH-MF-WM.jpg]
[www.ahtowels.com/ProductImages/main_Blueblue-16.jpg]
[www.ahtowels.com/ProductImages/main_Orangeorange-16.jpg]
[www.ahtowels.com/ProductImages/main_Greengreen-16.jpg]
[www.ahtowels.com/products/microfiber-chenille-wash-mitts.html]
[www.ahtowels.com/ProductImages/main_AH-MF-WWT.jpg]
[www.ahtowels.com/ExtraImages/main_859915.png]
[www.ahtowels.com/ExtraImages/th_859915.png]
[www.ahtowels.com/ExtraImages/main_929015.jpg]
[www.ahtowels.com/ExtraImages/th_929015.jpg]
[www.ahtowels.com/ProductImages/main_1-MFWAFFLEWEAVEMFTOWELSWVMT1616-BBKT-Blueblue_15.jpg]
[www.ahtowels.com/ProductImages/main_1-MFWAFFLEWEAVEMFTOWELSWVMT1616-GBKT-Greengreen_15.jpg]
[www.ahtowels.com/products/waffle-weave-microfiber-16-16-towel-with-black-trim.html]
[www.ahtowels.com/ProductImages/main_AH-MF-PWT.jpg]
[www.ahtowels.com/ProductImages/main_1-MFPWMT1616-BBKT-Blueblue_14.jpg]
[www.ahtowels.com/ProductImages/main_DarkGreendark-green-14.jpg]
[www.ahtowels.com/products/premium-pearl-weave-16-16-microfiber-towel-with-black-trim.html]
[www.ahtowels.com/ProductImages/main_AH-MF-BMT.jpg]
[www.ahtowels.com/ProductImages/main_1-MFMFMIRACLEMOPGREENSTRIPE-Greengreen_13.jpg]
[www.ahtowels.com/ProductImages/main_1-MFMFMIRACLEMOPBLUESTRIPE-Blueblue_13.jpg]
[www.ahtowels.com/ProductImages/main_1-MFMFMIRACLEMOPGOLDSTRIPE-Goldengolden_13.jpg]
[www.ahtowels.com/products/miracle-microfiber-bar-mop-14-17.html]
[www.ahtowels.com/products/miracle-microfiber-bar-mop-14-17&code=blue.html]
[www.ahtowels.com/products/miracle-microfiber-bar-mop-14-17&code=golden.html]
[www.ahtowels.com/products/miracle-microfiber-bar-mop-14-17&code=green.html]
[www.ahtowels.com/ProductImages/main_AH-MF-EHT.jpg]
[www.ahtowels.com/ProductImages/main_Blackblack_12.jpg]
[www.ahtowels.com/ProductImages/main_Blueblue_12.jpg]
[www.ahtowels.com/ProductImages/main_Greengreen_12.jpg]
[www.ahtowels.com/ProductImages/main_NavyBluenavy-blue_12.jpg]
[www.ahtowels.com/ProductImages/main_Redred_12.jpg]
[www.ahtowels.com/products/edgeless-16-27-microfiber-hand-towel.html]
[www.ahtowels.com/products/edgeless-16-27-microfiber-hand-towel&code=black.html]
[www.ahtowels.com/products/edgeless-16-27-microfiber-hand-towel&code=blue.html]
[www.ahtowels.com/products/edgeless-16-27-microfiber-hand-towel&code=green.html]
[www.ahtowels.com/products/edgeless-16-27-microfiber-hand-towel&code=navy-blue.html]
[www.ahtowels.com/products/edgeless-16-27-microfiber-hand-towel&code=red.html]
[www.ahtowels.com/products/50-pack-16-16-edgeless-microfiber-towel&code=black.html]
[www.ahtowels.com/products/50-pack-16-16-edgeless-microfiber-towel&code=blue.html]
[www.ahtowels.com/products/50-pack-16-16-edgeless-microfiber-towel&code=navy-blue.html]
[www.ahtowels.com/products/50-pack-16-16-edgeless-microfiber-towel&code=red.html]
[www.ahtowels.com/ProductImages/main_AH-MF-DGT.jpg]
[www.ahtowels.com/ExtraImages/main_71410.jpg]
[www.ahtowels.com/ExtraImages/th_71410.jpg]
[www.ahtowels.com/ProductImages/main_DarkBluedark-blue_10.jpg]
[www.ahtowels.com/ProductImages/main_Silversilver_10.jpg]
[www.ahtowels.com/ProductImages/main_1-MFGLASSTOWELSDVMT12002BLK-Blackblack-10.jpg]
[www.ahtowels.com/products/diamond-weave-16-16-glass-microfiber-towel.html]
[www.ahtowels.com/products/diamond-weave-16-16-glass-microfiber-towel&code=black.html]
[www.ahtowels.com/products/diamond-weave-16-16-glass-microfiber-towel&code=blue.html]
[www.ahtowels.com/products/diamond-weave-16-16-glass-microfiber-towel&code=gray.html]
[www.ahtowels.com/ProductImages/main_AH-MF-TSCVT.jpg]
[www.ahtowels.com/ExtraImages/main_42168.jpg]
[www.ahtowels.com/ExtraImages/th_42168.jpg]
[www.ahtowels.com/ExtraImages/main_62778.jpg]
[www.ahtowels.com/ExtraImages/th_62778.jpg]
[www.ahtowels.com/ProductImages/main_1-MF80000-7-GreenGraygreen-gray_8.jpg]
[www.ahtowels.com/products/2-sided-coral-velvet-14-14-microfiber-towel.html]
[www.ahtowels.com/products/2-sided-coral-velvet-14-14-microfiber-towel&code=green-gray.html]
[www.ahtowels.com/ProductImages/main_AH-MF-HT.jpg]
[www.ahtowels.com/ProductImages/main_1-MF1627MF-12BK-Blackblack_7.jpg]
[www.ahtowels.com/ProductImages/main_1-MF1627MF-12NB-NavyBluenavy-blue_7.jpg]
[www.ahtowels.com/ProductImages/main_1-MF1627MF-12R-Redred_7.jpg]
[www.ahtowels.com/ProductImages/main_1-MF1627MF-12LG-LimeGreenlime-green_7.jpg]
[www.ahtowels.com/products/16-27-microfiber-premium-hand-towel.html]
[www.ahtowels.com/products/16-27-microfiber-premium-hand-towel&code=black.html]
[www.ahtowels.com/products/16-27-microfiber-premium-hand-towel&code=lime-green.html]
[www.ahtowels.com/products/16-27-microfiber-premium-hand-towel&code=navy-blue.html]
[www.ahtowels.com/products/16-27-microfiber-premium-hand-towel&code=red.html]
[www.ahtowels.com/ProductImages/main_AH-MF-24.jpg]
[www.ahtowels.com/ExtraImages/main_66196.jpg]
[www.ahtowels.com/ExtraImages/th_66196.jpg]
[www.ahtowels.com/ExtraImages/main_95556.jpg]
[www.ahtowels.com/ExtraImages/th_95556.jpg]
[www.ahtowels.com/ExtraImages/main_14886.jpg]
[www.ahtowels.com/ExtraImages/th_14886.jpg]
[www.ahtowels.com/ExtraImages/main_70316.jpg]
[www.ahtowels.com/ExtraImages/th_70316.jpg]
[www.ahtowels.com/ExtraImages/main_18876.jpg]
[www.ahtowels.com/ExtraImages/th_18876.jpg]
[www.ahtowels.com/ProductImages/main_1616MF-24BK-Blackblack_6.jpg]
[www.ahtowels.com/ProductImages/main_1-MF1616MF-24GD-Goldengolden_6.jpg]
[www.ahtowels.com/ProductImages/main_1-MF1616MF-24B-LightBluelight-blue_6.jpg]
[www.ahtowels.com/ProductImages/main_1-MF1616MF-24G-LightGreenlight-gree_6.jpg]
[www.ahtowels.com/ProductImages/main_1-MF1616MF-24NB-NavyBluenavy-blue_6.jpg]
[www.ahtowels.com/ProductImages/main_1-MF1616MF-24OG-Orangeorange_6.jpg]
[www.ahtowels.com/ProductImages/main_1616MF-24R-Redred_6.jpg]
[www.ahtowels.com/ProductImages/main_1616MF-24Y-Yellowyellow_6.jpg]
[www.ahtowels.com/ProductImages/main_1-MF1616MF-24DGR-Graygray_6.jpg]
[www.ahtowels.com/ProductImages/main_1616MF-24RB-royalblueroyalblue_6.jpg]
[www.ahtowels.com/ProductImages/main_1616MF-24LG-lightgreylightgrey-6.jpg]
[www.ahtowels.com/products/24-pack-professional-grade-16-16-microfiber-towel.html]
[www.ahtowels.com/products/24-pack-professional-grade-16-16-microfiber-towel&code=black.html]
[www.ahtowels.com/products/24-pack-professional-grade-16-16-microfiber-towel&code=golden.html]
[www.ahtowels.com/products/24-pack-professional-grade-16-16-microfiber-towel&code=gray.html]
[www.ahtowels.com/products/24-pack-professional-grade-16-16-microfiber-towel&code=light-blue.html]
[www.ahtowels.com/products/24-pack-professional-grade-16-16-microfiber-towel&code=light-gree.html]
[www.ahtowels.com/products/24-pack-professional-grade-16-16-microfiber-towel&code=light grey.html]
[www.ahtowels.com/products/24-pack-professional-grade-16-16-microfiber-towel&code=navy-blue.html]
[www.ahtowels.com/products/24-pack-professional-grade-16-16-microfiber-towel&code=orange.html]
[www.ahtowels.com/products/24-pack-professional-grade-16-16-microfiber-towel&code=red.html]
[www.ahtowels.com/products/24-pack-professional-grade-16-16-microfiber-towel&code=royal blue.html]
[www.ahtowels.com/products/24-pack-professional-grade-16-16-microfiber-towel&code=yellow.html]
[www.ahtowels.com/ProductImages/main_AH-MF-WK.png]
[www.ahtowels.com/ProductImages/main_1-MF1616kMF-48BP-BabyPinkbaby-pink_5.jpg]
[www.ahtowels.com/ProductImages/main_1-MF1616KMF-48BK-Blackblack_5.jpg]
[www.ahtowels.com/products/48-pack-warp-knitted-16-16-microfiber-towel.html]
[www.ahtowels.com/products/48-pack-warp-knitted-16-16-microfiber-towel&code=baby-pink.html]
[www.ahtowels.com/products/48-pack-warp-knitted-16-16-microfiber-towel&code=black.html]
[www.ahtowels.com/ProductImages/main_AH-MF-ECO.jpg]
[www.ahtowels.com/ProductImages/main_DarkBluedark-blue_4.jpg]
[www.ahtowels.com/ProductImages/main_1-MF1616eMF-36GY-Graygray_4.jpg]
[www.ahtowels.com/ProductImages/main_SeaGreensea-green_4.jpg]
[www.ahtowels.com/ProductImages/main_LightGreenlight-gree_4.jpg]
[www.ahtowels.com/ProductImages/main_Yellowyellow_4.jpg]
[www.ahtowels.com/ProductImages/main_Orangeorange_4.jpg]
[www.ahtowels.com/ProductImages/main_Goldengolden_4.jpg]
[www.ahtowels.com/ProductImages/main_1616eMF-36NB-NavyBluenavy-blue_4.jpg]
[www.ahtowels.com/ProductImages/main_Blueblue_4.jpg]
[www.ahtowels.com/ProductImages/main_Redred_4.jpg]
[www.ahtowels.com/products/36-pack-economy16-16-microfiber-towel.html]
[www.ahtowels.com/products/36-pack-economy16-16-microfiber-towel&code=blue.html]
[www.ahtowels.com/products/36-pack-economy16-16-microfiber-towel&code=golden.html]
[www.ahtowels.com/products/36-pack-economy16-16-microfiber-towel&code=gray.html]
[www.ahtowels.com/products/36-pack-economy16-16-microfiber-towel&code=green.html]
[www.ahtowels.com/products/36-pack-economy16-16-microfiber-towel&code=jade-green.html]
[www.ahtowels.com/products/36-pack-economy16-16-microfiber-towel&code=navy-blue.html]
[www.ahtowels.com/products/36-pack-economy16-16-microfiber-towel&code=orange.html]
[www.ahtowels.com/products/36-pack-economy16-16-microfiber-towel&code=red.html]
[www.ahtowels.com/products/36-pack-economy16-16-microfiber-towel&code=wedgewood-.html]
[www.ahtowels.com/products/36-pack-economy16-16-microfiber-towel&code=yellow.html]
[www.ahtowels.com/products/plush-2-sided-15-24-microfiber-towels&code=blue.html]
[www.ahtowels.com/products/plush-2-sided-15-24-microfiber-towels&code=gray.html]
[www.ahtowels.com/ProductImages/main_AH-MF-BT.jpg]
[www.ahtowels.com/ExtraImages/main_5832.jpg]
[www.ahtowels.com/ExtraImages/th_5832.jpg]
[www.ahtowels.com/ExtraImages/main_44012.jpg]
[www.ahtowels.com/ExtraImages/th_44012.jpg]
[www.ahtowels.com/ProductImages/main_1-MF1426MF-Boarded-BK-Blackblack_2.jpg]
[www.ahtowels.com/ProductImages/main_1-MF1426MF-Boarded-B-Blueblue_2.jpg]
[www.ahtowels.com/products/microfiber-premium-14-26-hand-towel-border.html]
[www.ahtowels.com/ProductImages/main_AH-MF-12.jpg]
[www.ahtowels.com/ExtraImages/main_92341.jpg]
[www.ahtowels.com/ExtraImages/th_92341.jpg]
[www.ahtowels.com/ExtraImages/main_24541.jpg]
[www.ahtowels.com/ExtraImages/th_24541.jpg]
[www.ahtowels.com/ExtraImages/main_11281.jpg]
[www.ahtowels.com/ExtraImages/th_11281.jpg]
[www.ahtowels.com/ExtraImages/main_55161.jpg]
[www.ahtowels.com/ExtraImages/th_55161.jpg]
[www.ahtowels.com/ProductImages/main_1-MF1212MF-12BK-Blackblack_1.jpg]
[www.ahtowels.com/ProductImages/main_1-MF1212MF-12B-Blueblue_1.jpg]
[www.ahtowels.com/ProductImages/main_1-MF1212MF-12G-Greengreen_1.jpg]
[www.ahtowels.com/ProductImages/main_1-MF1212MF-12W-Whitewhite_1.jpg]
[www.ahtowels.com/products/12-12-microfiber-cleaning-towel.html]
[www.ahtowels.com/products/12-12-microfiber-cleaning-towel&code=black.html]
[www.ahtowels.com/products/12-12-microfiber-cleaning-towel&code=blue.html]
[www.ahtowels.com/products/12-12-microfiber-cleaning-towel&code=green.html]
[www.ahtowels.com/products/12-12-microfiber-cleaning-towel&code=white.html]
[www.ahtowels.com/ProductImages/main_B-BM1032BST-RR.jpg]
[www.ahtowels.com/ProductImages/main_BBM1032BST-RR-Blueblue-35.jpg]
[www.ahtowels.com/products/barmop-32-bluestripe.html]
[www.ahtowels.com/products/barmop-32-bluestripe&code=blue.html]
[www.ahtowels.com/ProductImages/main_B-BM1030GR.jpg]
[www.ahtowels.com/ProductImages/main_BBM1030GR-Greengreen-34.jpg]
[www.ahtowels.com/products/barmop-30-greenstripe.html]
[www.ahtowels.com/products/barmop-30-greenstripe&code=green.html]
[www.ahtowels.com/ProductImages/main_B-BM1026TWBL.jpg]
[www.ahtowels.com/ProductImages/main_BBM1026TWBL-Blueblue-33.jpg]
[www.ahtowels.com/products/barmop-26-twinstripe.html]
[www.ahtowels.com/products/barmop-26-twinstripe&code=blue.html]
[www.ahtowels.com/ProductImages/main_B-BM2032OB.jpg]
[www.ahtowels.com/ProductImages/main_BBM2032OB-Blueblue-32.jpg]
[www.ahtowels.com/products/barmop-32-doublestripe.html]
[www.ahtowels.com/products/barmop-32-doublestripe&code=Blue-Orang.html]
[www.ahtowels.com/ProductImages/main_dash-board-wipe.jpg]
[www.ahtowels.com/ExtraImages/main_155620.jpg]
[www.ahtowels.com/ExtraImages/th_155620.jpg]
[www.ahtowels.com/ExtraImages/main_222420.jpg]
[www.ahtowels.com/ExtraImages/th_222420.jpg]
[www.ahtowels.com/ExtraImages/main_293720.jpg]
[www.ahtowels.com/ExtraImages/th_293720.jpg]
[www.ahtowels.com/ProductImages/main_Dash-Board-Wipe-Whitewhite-20.jpg]
[www.ahtowels.com/products/dashboard-wipes-1000-ct.html]
[www.ahtowels.com/products/dashboard-wipes-1000-ct&code=white.html]
[www.ahtowels.com/ProductImages/main_SHTC12002.jpg]
[www.ahtowels.com/ProductImages/main_SHTC12002W-Whitewhite-21.jpg]
[www.ahtowels.com/ProductImages/main_SHTC12002R-Redred-21.jpg]
[www.ahtowels.com/products/shop-towel-cotton-100pc.html]
[www.ahtowels.com/products/shop-towel-cotton-100pc&code=red.html]
[www.ahtowels.com/products/shop-towel-cotton-100pc&code=white.html]
[www.ahtowels.com/ProductImages/main_HTC-1627.jpg]
[www.ahtowels.com/ProductImages/main_16x27-HTC-Greengreen_17.jpg]
[www.ahtowels.com/ProductImages/main_16x27-htcb-NavyBluenavy-blue_17.jpg]
[www.ahtowels.com/ProductImages/main_16x27HTCBLK-Blackblack-17.jpg]
[www.ahtowels.com/ProductImages/main_16x27-HTCRD-Redred-17.jpg]
[www.ahtowels.com/ProductImages/main_16x27-HTCGRY-Graygray-17.jpg]
[www.ahtowels.com/ProductImages/main_16x27-WHT-Whitewhite-17.jpg]
[www.ahtowels.com/products/1627-100-cotton-hand-towel.html]
[www.ahtowels.com/products/1627-100-cotton-hand-towel&code=black.html]
[www.ahtowels.com/products/1627-100-cotton-hand-towel&code=gray.html]
[www.ahtowels.com/products/1627-100-cotton-hand-towel&code=green.html]
[www.ahtowels.com/products/1627-100-cotton-hand-towel&code=navy-blue.html]
[www.ahtowels.com/products/1627-100-cotton-hand-towel&code=red.html]
[www.ahtowels.com/products/1627-100-cotton-hand-towel&code=white.html]
[www.ahtowels.com/ProductImages/main_AH-MF-DMWR.jpg]
[www.ahtowels.com/ExtraImages/main_25860.jpg]
[www.ahtowels.com/ExtraImages/th_25860.jpg]
[www.ahtowels.com/ExtraImages/main_968160.jpg]
[www.ahtowels.com/ExtraImages/th_968160.jpg]
[www.ahtowels.com/ProductImages/main_PT-1213-W-Whitewhite-60.jpg]
[www.ahtowels.com/products/13-12-micro-paper-towel.html]
[www.ahtowels.com/products/13-12-micro-paper-towel&code=white.html]
[www.ahtowels.com/ProductImages/main_HSTP8.jpg]
[www.ahtowels.com/ProductImages/main_HSTP-8OZ-Whitewhite_49.jpg]
[www.ahtowels.com/products/hand-sanitizer-pump-8oz.html]
[www.ahtowels.com/ProductImages/main_HST16oz.jpg]
[www.ahtowels.com/ProductImages/main_CNFHST16oz-Whitewhite-44.jpg]
[www.ahtowels.com/products/clean-n-fresh-16oz.html]
[www.ahtowels.com/ProductImages/main_HST8oz.jpg]
[www.ahtowels.com/ProductImages/main_CNF-Whitewhite-43.jpg]
[www.ahtowels.com/products/clean-n-fresh-8oz.html]
[www.ahtowels.com/ProductImages/main_KN95-20.jpg]
[www.ahtowels.com/ProductImages/main_kn-95-Whitewhite-39.jpg]
[www.ahtowels.com/products/kn95-mask-20.html]
[www.ahtowels.com/ProductImages/main_Clere-HSG.jpg]
[www.ahtowels.com/ProductImages/main_clere-hsg-Whitewhite-38.jpg]
[www.ahtowels.com/products/clere-sanitizer-gallon.html]
[www.ahtowels.com/ProductImages/main_AH-SAN1G.jpg]
[www.ahtowels.com/ProductImages/main_HANDSANTIZER1-G-Greengreen-37.jpg]
[www.ahtowels.com/products/hand-santizer-gallon.html]
[www.ahtowels.com/ProductImages/main_CLP-L.jpg]
[www.ahtowels.com/ExtraImages/main_43431.jpg]
[www.ahtowels.com/ExtraImages/th_43431.jpg]
[www.ahtowels.com/ExtraImages/main_452431.jpg]
[www.ahtowels.com/ExtraImages/th_452431.jpg]
[www.ahtowels.com/ExtraImages/main_680431.jpg]
[www.ahtowels.com/ExtraImages/th_680431.jpg]
[www.ahtowels.com/ProductImages/main_CLP-GN3-L8-Greengreen-31.jpg]
[www.ahtowels.com/ProductImages/main_CLP-BK3-L8-Blackblack-31.jpg]
[www.ahtowels.com/ProductImages/main_CLP-RD3-L8-Redred-31.jpg]
[www.ahtowels.com/ProductImages/main_CLP-BL3-L8-DarkBluedark-blue-31.jpg]
[www.ahtowels.com/products/work-gloves-large.html]
[www.ahtowels.com/products/work-gloves-large&code=black.html]
[www.ahtowels.com/products/work-gloves-large&code=dark-blue.html]
[www.ahtowels.com/products/work-gloves-large&code=green.html]
[www.ahtowels.com/products/work-gloves-large&code=red.html]
[www.ahtowels.com/ProductImages/main_CLP-M.jpg]
[www.ahtowels.com/ExtraImages/main_404230.jpg]
[www.ahtowels.com/ExtraImages/th_404230.jpg]
[www.ahtowels.com/ExtraImages/main_987730.jpg]
[www.ahtowels.com/ExtraImages/th_987730.jpg]
[www.ahtowels.com/ExtraImages/main_710830.jpg]
[www.ahtowels.com/ExtraImages/th_710830.jpg]
[www.ahtowels.com/ProductImages/main_CLP-GN3-L8-Greengreen-30.jpg]
[www.ahtowels.com/ProductImages/main_CLP-BK2-M8-Blackblack-30.jpg]
[www.ahtowels.com/ProductImages/main_CLP-RD2--M8-Redred-30.jpg]
[www.ahtowels.com/ProductImages/main_CLP-BL2-M8-DarkBluedark-blue-30.jpg]
[www.ahtowels.com/products/work-gloves-medium.html]
[www.ahtowels.com/products/work-gloves-medium&code=black.html]
[www.ahtowels.com/products/work-gloves-medium&code=dark-blue.html]
[www.ahtowels.com/products/work-gloves-medium&code=green.html]
[www.ahtowels.com/products/work-gloves-medium&code=red.html]
[www.ahtowels.com/ProductImages/main_CLP.jpg]
[www.ahtowels.com/ExtraImages/main_498829.jpg]
[www.ahtowels.com/ExtraImages/th_498829.jpg]
[www.ahtowels.com/ExtraImages/main_307229.jpg]
[www.ahtowels.com/ExtraImages/th_307229.jpg]
[www.ahtowels.com/ExtraImages/main_716229.jpg]
[www.ahtowels.com/ExtraImages/th_716229.jpg]
[www.ahtowels.com/ProductImages/main_CLP-GN1-S8-Greengreen-29.jpg]
[www.ahtowels.com/ProductImages/main_CLP-BL1-S8-DarkBluedark-blue_29.jpg]
[www.ahtowels.com/ProductImages/main_CLP-BK1-S8-Blackblack-29.jpg]
[www.ahtowels.com/ProductImages/main_CLP-RD1--S8-Redred-29.jpg]
[www.ahtowels.com/products/work-gloves-small.html]
[www.ahtowels.com/products/work-gloves-small&code=black.html]
[www.ahtowels.com/products/work-gloves-small&code=dark-blue.html]
[www.ahtowels.com/products/work-gloves-small&code=green.html]
[www.ahtowels.com/products/work-gloves-small&code=red.html]
[www.ahtowels.com/ProductImages/main_AP400W.jpg]
[www.ahtowels.com/ProductImages/main_AP400W-Whitewhite-28.jpg]
[www.ahtowels.com/products/white-apron-blended.html]
[www.ahtowels.com/products/white-apron-blended&code=white.html]
[www.ahtowels.com/ProductImages/main_SPRYB-16oz.jpg]
[www.ahtowels.com/ExtraImages/main_523627.jpg]
[www.ahtowels.com/ExtraImages/th_523627.jpg]
[www.ahtowels.com/ProductImages/main_plastic-bottle-16oz-Whitewhite-27.jpg]
[www.ahtowels.com/products/plastic-bottle-16oz.html]
[www.ahtowels.com/products/plastic-bottle-16oz&code=white.html]
[www.ahtowels.com/products/all-purpose-towels&code=Assorted.html]
[www.ahtowels.com/products/microfiber-premium-14-26-hand-towel-border&code=black.html]
[www.ahtowels.com/products/waffle-weave-microfiber-16-16-towel-with-black-trim&code=blue.html]
[www.ahtowels.com/products/microfiber-premium-14-26-hand-towel-border&code=blue.html]
[www.ahtowels.com/products/microfiber-chenille-wash-mitts&code=blue.html]
[www.ahtowels.com/products/premium-pearl-weave-16-16-microfiber-towel-with-black-trim&code=blue.html]
[www.ahtowels.com/products/face-mask-3ply&code=blue.html]
[www.ahtowels.com/products/microfiber-chenille-wash-mitts&code=green.html]
[www.ahtowels.com/products/premium-pearl-weave-16-16-microfiber-towel-with-black-trim&code=green.html]
[www.ahtowels.com/products/hand-santizer-gallon&code=green.html]
[www.ahtowels.com/products/waffle-weave-microfiber-16-16-towel-with-black-trim&code=green.html]
[www.ahtowels.com/products/microfiber-chenille-wash-mitts&code=orange.html]
[www.ahtowels.com/products/clere-sanitizer-gallon&code=white.html]
[www.ahtowels.com/products/kn95-mask-20&code=white.html]
[www.ahtowels.com/products/clean-n-fresh-2oz&code=white.html]
[www.ahtowels.com/products/clean-n-fresh-8oz&code=white.html]
[www.ahtowels.com/products/clean-n-fresh-16oz&code=white.html]
[www.ahtowels.com/products/pump-hand-sanitizer-16oz&code=white.html]
[www.ahtowels.com/products/hand-sanitizer-pump-8oz&code=white.html]
[www.ahtowels.com/assets/css/graphics/zoomin.cur]
[www.ahtowels.com/assets/css/graphics/loader.gif]
[www.ahtowels.com/assets/css/graphics/zoomout.cur]
[www.ahtowels.com/assets/css/graphics/buttons1.png]
[www.ahtowels.com/assets/css/magiczoomplus.css]
[www.ahtowels.com/WebResourcee098.png]
[www.ahtowels.com/WebResource7b05.css]
[www.ahtowels.com/WebResource3944.gif]
[www.ahtowels.com/WebResource706f.css]
[www.ahtowels.com/ProductImages/main_AH-MF-XLCVT.html]
[www.ahtowels.com/images/joma-sprite.html]
